// Jest Snapshot v1, https://goo.gl/fbAQLP

exports[`MenuItem Component should render MenuItem Component 1`] = `ShallowWrapper {}`;
