// Jest Snapshot v1, https://goo.gl/fbAQLP

exports[`CheckoutItem Component should render the CheckoutItem component 1`] = `ShallowWrapper {}`;
