// Jest Snapshot v1, https://goo.gl/fbAQLP

exports[`CollectionItem Component should render CollectionItem Component 1`] = `ShallowWrapper {}`;
