// Jest Snapshot v1, https://goo.gl/fbAQLP

exports[`should render HomePage 1`] = `ShallowWrapper {}`;
