// Jest Snapshot v1, https://goo.gl/fbAQLP

exports[`CollectionPreview Component should render the CollectionPreview Component 1`] = `ShallowWrapper {}`;
