// Jest Snapshot v1, https://goo.gl/fbAQLP

exports[`should render Directory Component 1`] = `ShallowWrapper {}`;
