// Jest Snapshot v1, https://goo.gl/fbAQLP

exports[`CheckoutPage should render CheckoutPage 1`] = `ShallowWrapper {}`;
