// Jest Snapshot v1, https://goo.gl/fbAQLP

exports[`CollectionPage Page should render the CollectionPage page 1`] = `ShallowWrapper {}`;
